// Jest Snapshot v1, https://goo.gl/fbAQLP

exports[`MaskedInput snapshots collection is MaskedInput render right? 1`] = `
<div
  class="masked-wrapper"
>
  <div
    class="masked-input-wrapper"
  >
    <input
      aria-invalid="false"
      class="masked-input-element"
      maxlength="8"
      name="test"
      value="123-123"
    />
  </div>
</div>
`;
