// Jest Snapshot v1, https://goo.gl/fbAQLP

exports[`Check TimePicker snapshots collection is TimePicker render right? 1`] = `
<div
  class="datepicker-wrapper"
>
  <div
    class="datepicker-input-wrapper"
  >
    <input
      aria-invalid="false"
      class="datepicker-input"
      maxlength="6"
      name="test"
      value=""
    />
    <span
      class="datepicker-icons-wrapper"
    />
  </div>
</div>
`;
